2026-02-01 22:21:14,250 - ERROR: Create Deployment Directory failed: mkdir: /opt/plane-platform: Permission denied

2026-02-01 22:21:14,255 - ERROR: Set Deployment Permissions failed: chmod: /opt/plane-platform/deployment: No such file or directory

2026-02-01 22:21:14,261 - ERROR: Create Backup of Existing Configuration failed: cp: /opt/plane-platform/config: No such file or directory

2026-02-01 22:21:14,261 - ERROR: Deployment failed at stage: environment_preparation
2026-02-01 22:21:57,043 - INFO: Create Deployment Directory successful
2026-02-01 22:21:57,048 - INFO: Set Deployment Permissions successful
2026-02-01 22:21:57,052 - INFO: Create Backup of Existing Configuration successful
2026-02-01 22:21:57,065 - INFO: Create Deployment Configuration successful
2026-02-01 22:21:57,069 - INFO: Set Executable Permissions successful
2026-02-01 22:21:57,091 - INFO: Validate Documentation Generator successful
2026-02-01 22:21:59,111 - INFO: Validate Quality Metrics Tracker successful
2026-02-01 22:22:00,152 - INFO: Validate Workflow Automation successful
2026-02-01 22:22:36,365 - INFO: Create Deployment Directory successful
2026-02-01 22:22:36,370 - INFO: Set Deployment Permissions successful
2026-02-01 22:22:36,375 - INFO: Create Backup of Existing Configuration successful
2026-02-01 22:22:36,387 - INFO: Create Deployment Configuration successful
2026-02-01 22:22:36,391 - INFO: Set Executable Permissions successful
2026-02-01 22:22:36,413 - INFO: Validate Documentation Generator successful
2026-02-01 22:22:38,450 - INFO: Validate Quality Metrics Tracker successful
2026-02-01 22:22:39,484 - INFO: Validate Workflow Automation successful
2026-02-01 22:23:15,703 - INFO: Create Deployment Directory successful
2026-02-01 22:23:15,707 - INFO: Set Deployment Permissions successful
2026-02-01 22:23:15,711 - INFO: Create Backup of Existing Configuration successful
2026-02-01 22:23:15,722 - INFO: Create Deployment Configuration successful
2026-02-01 22:23:15,725 - INFO: Set Executable Permissions successful
2026-02-01 22:23:15,746 - INFO: Validate Documentation Generator successful
2026-02-01 22:23:17,672 - INFO: Validate Quality Metrics Tracker successful
2026-02-01 22:23:18,648 - INFO: Validate Workflow Automation successful
2026-02-01 22:23:54,832 - INFO: Create Deployment Directory successful
2026-02-01 22:23:54,836 - INFO: Set Deployment Permissions successful
2026-02-01 22:23:54,840 - INFO: Create Backup of Existing Configuration successful
2026-02-01 22:23:54,852 - INFO: Create Deployment Configuration successful
2026-02-01 22:23:54,855 - INFO: Set Executable Permissions successful
2026-02-01 22:23:54,875 - INFO: Validate Documentation Generator successful
2026-02-01 22:23:56,803 - INFO: Validate Quality Metrics Tracker successful
2026-02-01 22:23:57,786 - INFO: Validate Workflow Automation successful
2026-02-01 22:24:35,093 - INFO: Create Deployment Directory successful
2026-02-01 22:24:35,097 - INFO: Set Deployment Permissions successful
2026-02-01 22:24:35,101 - INFO: Create Backup of Existing Configuration successful
2026-02-01 22:24:35,112 - INFO: Create Deployment Configuration successful
2026-02-01 22:24:35,115 - INFO: Set Executable Permissions successful
2026-02-01 22:24:35,136 - INFO: Validate Documentation Generator successful
2026-02-01 22:24:37,086 - INFO: Validate Quality Metrics Tracker successful
2026-02-01 22:24:38,107 - INFO: Validate Workflow Automation successful
2026-02-01 22:24:38,107 - INFO: Deployment report generated: /Users/zachgonser/plane-platform-deployment/deployment_reports/deployment_20260201_222438.json
2026-02-01 22:43:06,315 - INFO: Create Deployment Directory successful
2026-02-01 22:43:06,321 - INFO: Set Deployment Permissions successful
2026-02-01 22:43:06,325 - INFO: Create Backup of Existing Configuration successful
2026-02-01 22:43:06,339 - INFO: Create Deployment Configuration successful
2026-02-01 22:43:06,344 - INFO: Set Executable Permissions successful
2026-02-01 22:43:06,369 - INFO: Validate Documentation Generator successful
2026-02-01 22:43:08,827 - INFO: Validate Quality Metrics Tracker successful
2026-02-01 22:43:10,017 - INFO: Validate Workflow Automation successful
2026-02-01 22:43:10,018 - INFO: Deployment report generated: /Users/zachgonser/plane-platform-deployment/deployment_reports/deployment_20260201_224310.json
