2026-02-01 22:31:46,400 - INFO: List work items successful
2026-02-01 22:32:17,741 - INFO: List work items successful
2026-02-01 22:32:17,742 - INFO: Post-deployment report generated: /Users/zachgonser/clawd/plane_post_deployment_report_20260201_223217.json
2026-02-01 22:32:59,871 - INFO: List work items successful
2026-02-01 22:32:59,871 - DEBUG: Processing work item: Workflow Automation System Development
2026-02-01 22:33:00,845 - INFO: Update work item Workflow Automation System Development to Ready state successful
2026-02-01 22:33:00,846 - DEBUG: Update result for Workflow Automation System Development: True
2026-02-01 22:33:00,846 - DEBUG: Processing work item: Quality Metrics Tracker Improvements
2026-02-01 22:33:01,837 - INFO: Update work item Quality Metrics Tracker Improvements to Ready state successful
2026-02-01 22:33:01,837 - DEBUG: Update result for Quality Metrics Tracker Improvements: True
2026-02-01 22:33:01,837 - DEBUG: Processing work item: Documentation Generator Enhancement
2026-02-01 22:33:02,818 - INFO: Update work item Documentation Generator Enhancement to Ready state successful
2026-02-01 22:33:02,818 - DEBUG: Update result for Documentation Generator Enhancement: True
2026-02-01 22:33:02,818 - DEBUG: Processing work item: View Management Enhancement
2026-02-01 22:33:03,800 - INFO: Update work item View Management Enhancement to Ready state successful
2026-02-01 22:33:03,801 - DEBUG: Update result for View Management Enhancement: True
2026-02-01 22:33:03,801 - DEBUG: Processing work item: Master Roadmap: Project Priority Order
2026-02-01 22:33:04,773 - INFO: Update work item Master Roadmap: Project Priority Order to Ready state successful
2026-02-01 22:33:04,773 - DEBUG: Update result for Master Roadmap: Project Priority Order: True
2026-02-01 22:33:04,773 - DEBUG: Processing work item: Set up automations
2026-02-01 22:33:05,756 - INFO: Update work item Set up automations to Ready state successful
2026-02-01 22:33:05,756 - DEBUG: Update result for Set up automations: True
2026-02-01 22:33:05,756 - DEBUG: Processing work item: Create standard views (per project)
2026-02-01 22:33:06,740 - INFO: Update work item Create standard views (per project) to Ready state successful
2026-02-01 22:33:06,740 - DEBUG: Update result for Create standard views (per project): True
2026-02-01 22:33:06,740 - DEBUG: Processing work item: Define issue types + estimates
2026-02-01 22:33:07,719 - INFO: Update work item Define issue types + estimates to Ready state successful
2026-02-01 22:33:07,719 - DEBUG: Update result for Define issue types + estimates: True
2026-02-01 22:33:07,719 - DEBUG: Processing work item: Enable feature toggles across projects
2026-02-01 22:33:08,711 - INFO: Update work item Enable feature toggles across projects to Ready state successful
2026-02-01 22:33:08,711 - DEBUG: Update result for Enable feature toggles across projects: True
2026-02-01 22:33:08,711 - DEBUG: Processing work item: Plane Platform Deployment Readiness
2026-02-01 22:33:09,702 - INFO: Update work item Plane Platform Deployment Readiness to Ready state successful
2026-02-01 22:33:09,702 - DEBUG: Update result for Plane Platform Deployment Readiness: True
2026-02-01 22:33:09,702 - INFO: Added automation rule: Auto-Move to In Progress
2026-02-01 22:33:09,702 - INFO: Added automation rule: Flag Overdue Items
2026-02-01 22:33:09,702 - INFO: Added automation rule: Close Completed Sub-Tasks
2026-02-01 22:33:09,703 - INFO: Post-deployment report generated: /Users/zachgonser/clawd/plane_post_deployment_report_20260201_223309.json
2026-02-01 22:43:07,683 - INFO: List work items successful
2026-02-01 22:43:07,684 - DEBUG: Processing work item: Workflow Automation System Development
2026-02-01 22:43:08,812 - INFO: Update work item Workflow Automation System Development to Ready state successful
2026-02-01 22:43:08,812 - DEBUG: Update result for Workflow Automation System Development: True
2026-02-01 22:43:08,812 - DEBUG: Processing work item: Quality Metrics Tracker Improvements
2026-02-01 22:43:09,917 - INFO: Update work item Quality Metrics Tracker Improvements to Ready state successful
2026-02-01 22:43:09,918 - DEBUG: Update result for Quality Metrics Tracker Improvements: True
2026-02-01 22:43:09,918 - DEBUG: Processing work item: Documentation Generator Enhancement
2026-02-01 22:43:11,044 - INFO: Update work item Documentation Generator Enhancement to Ready state successful
2026-02-01 22:43:11,044 - DEBUG: Update result for Documentation Generator Enhancement: True
2026-02-01 22:43:11,044 - DEBUG: Processing work item: View Management Enhancement
2026-02-01 22:43:12,057 - INFO: Update work item View Management Enhancement to Ready state successful
2026-02-01 22:43:12,057 - DEBUG: Update result for View Management Enhancement: True
2026-02-01 22:43:12,057 - DEBUG: Processing work item: Master Roadmap: Project Priority Order
2026-02-01 22:43:13,079 - INFO: Update work item Master Roadmap: Project Priority Order to Ready state successful
2026-02-01 22:43:13,079 - DEBUG: Update result for Master Roadmap: Project Priority Order: True
2026-02-01 22:43:13,079 - DEBUG: Processing work item: Set up automations
2026-02-01 22:43:14,089 - INFO: Update work item Set up automations to Ready state successful
2026-02-01 22:43:14,089 - DEBUG: Update result for Set up automations: True
2026-02-01 22:43:14,089 - DEBUG: Processing work item: Create standard views (per project)
2026-02-01 22:43:15,097 - INFO: Update work item Create standard views (per project) to Ready state successful
2026-02-01 22:43:15,097 - DEBUG: Update result for Create standard views (per project): True
2026-02-01 22:43:15,097 - DEBUG: Processing work item: Define issue types + estimates
2026-02-01 22:43:16,116 - INFO: Update work item Define issue types + estimates to Ready state successful
2026-02-01 22:43:16,116 - DEBUG: Update result for Define issue types + estimates: True
2026-02-01 22:43:16,116 - DEBUG: Processing work item: Enable feature toggles across projects
2026-02-01 22:43:17,123 - INFO: Update work item Enable feature toggles across projects to Ready state successful
2026-02-01 22:43:17,123 - DEBUG: Update result for Enable feature toggles across projects: True
2026-02-01 22:43:17,123 - DEBUG: Processing work item: Plane Platform Deployment Readiness
2026-02-01 22:43:18,136 - INFO: Update work item Plane Platform Deployment Readiness to Ready state successful
2026-02-01 22:43:18,136 - DEBUG: Update result for Plane Platform Deployment Readiness: True
2026-02-01 22:43:18,136 - INFO: Added automation rule: Auto-Move to In Progress
2026-02-01 22:43:18,136 - INFO: Added automation rule: Flag Overdue Items
2026-02-01 22:43:18,136 - INFO: Added automation rule: Close Completed Sub-Tasks
2026-02-01 22:43:18,138 - INFO: Post-deployment report generated: /Users/zachgonser/clawd/plane_post_deployment_report_20260201_224318.json
