2026-02-01 22:43:06,282 - INFO: Initiating Intensive Project Execution Strategy
2026-02-01 22:43:06,309 - INFO: Executed plane_documentation_generator.py
2026-02-01 22:43:06,309 - INFO: STDOUT: Project documentation generated successfully.

2026-02-01 22:43:06,309 - INFO: plane_documentation_generator.py executed successfully
2026-02-01 22:43:07,672 - INFO: Executed plane_workflow_automation.py
2026-02-01 22:43:07,672 - INFO: STDOUT: Workflow Automation Summary:
[]

2026-02-01 22:43:07,672 - INFO: plane_workflow_automation.py executed successfully
2026-02-01 22:43:10,975 - INFO: Executed plane_project_validator.py
2026-02-01 22:43:10,975 - INFO: STDOUT: Validation Summary:
Overall Valid: False

Recommendations:
- Add missing work item types: epic, research, feature, bug, chore
- Enable features: time_tracking, issue_types, modules, intake
- Create missing views: this sprint, overdue, blocked, high priority

2026-02-01 22:43:10,975 - INFO: plane_project_validator.py executed successfully
2026-02-01 22:43:11,110 - INFO: Executed plane_deployment_strategy.py
2026-02-01 22:43:11,111 - INFO: STDOUT: {
  "id": "49491f78-fe84-4a70-8099-2ad13d26b065",
  "type_id": null,
  "created_at": "2026-02-01T23:53:28.285572Z",
  "updated_at": "2026-02-02T04:43:10.974788Z",
  "deleted_at": null,
  "point": null,
  "name": "Plane Platform Deployment Readiness",
  "description_html": "<div><h3>Plane Platform Deployment in Progress</h3><ul><li><strong>Deployment Strategy Created</strong> ✅</li><li><strong>Deployment Script Developed</strong> ✅</li><li><strong>Environment Preparation</strong> 🔄</li><li><strong>Artifacts Staging</strong> 🔄</li><li><strong>Validation Pending</strong> ⏳</li></ul><h4>Deployment Details</h4><p>Deployment script location: /Users/zachgonser/clawd/plane_deployment_strategy.py</p><p><strong>Current Status:</strong> Deploying</p></div>",
  "description_stripped": null,
  "description_binary": null,
  "priority": "none",
  "start_date": null,
  "target_date": null,
  "sequence_id": 1,
  "sort_order": 65535,
  "completed_at": "2026-02-02T04:43:10.973720Z",
  "archived_at": null,
  "is_draft": false,
  "external_source": null,
  "external_id": null,
  "created_by": "7a5b8667-2ffa-41ad-9705-12f499d97c4d",
  "updated_by": "7a5b8667-2ffa-41ad-9705-12f499d97c4d",
  "project": "b7824695-65e5-4da6-ba57-3f7ac172266d",
  "workspace": "b831c877-ea93-4fda-8324-a6c9fbf6334a",
  "parent": null,
  "state": "ea94bfd0-328d-45fc-b640-d846ffe3530c",
  "estimate_point": null,
  "type": null,
  "assignees": [],
  "labels": [
    "0bcf923d-f1e3-401f-a690-defe062a215a",
    "0ae8ba17-6fed-4774-8244-87d1ac5b0201",
    "3486655b-1023-4642-9e8e-19084cd3b60a"
  ]
}
Plane Platform Deployment Successful
Work item state updated to Deployed

2026-02-01 22:43:11,111 - INFO: plane_deployment_strategy.py executed successfully
2026-02-01 22:43:18,142 - INFO: Executed plane_post_deployment_actions.py
2026-02-01 22:43:18,142 - INFO: STDOUT: Post-Deployment Actions Successful

2026-02-01 22:43:18,142 - INFO: plane_post_deployment_actions.py executed successfully
2026-02-01 22:43:24,498 - INFO: Executed plane_project_quality_enhancement.py
2026-02-01 22:43:24,498 - INFO: STDOUT: 
2026-02-01 22:43:24,498 - INFO: plane_project_quality_enhancement.py executed successfully
2026-02-01 22:43:24,498 - INFO: Comprehensive project report generated: /Users/zachgonser/clawd/plane_intensive_project_report_20260201_224324.json
2026-02-01 22:43:24,498 - INFO: Intensive Project Execution Complete
