2026-02-01 21:27:44,990 - ERROR: Error enabling project features: 405 Client Error: Method Not Allowed for url: http://192.168.225.149:7210/slurpnet/api/projects/b7824695-65e5-4da6-ba57-3f7ac172266d/features
2026-02-01 21:27:44,990 - ERROR: Project setup failed: 405 Client Error: Method Not Allowed for url: http://192.168.225.149:7210/slurpnet/api/projects/b7824695-65e5-4da6-ba57-3f7ac172266d/features
2026-02-01 21:27:44,990 - ERROR: Failed to setup project b7824695-65e5-4da6-ba57-3f7ac172266d: 405 Client Error: Method Not Allowed for url: http://192.168.225.149:7210/slurpnet/api/projects/b7824695-65e5-4da6-ba57-3f7ac172266d/features
2026-02-01 21:27:44,997 - ERROR: Error enabling project features: 405 Client Error: Method Not Allowed for url: http://192.168.225.149:7210/slurpnet/api/projects/3ba363f7-0d24-43e8-b2a4-d40009a91287/features
2026-02-01 21:27:44,997 - ERROR: Project setup failed: 405 Client Error: Method Not Allowed for url: http://192.168.225.149:7210/slurpnet/api/projects/3ba363f7-0d24-43e8-b2a4-d40009a91287/features
2026-02-01 21:27:44,997 - ERROR: Failed to setup project 3ba363f7-0d24-43e8-b2a4-d40009a91287: 405 Client Error: Method Not Allowed for url: http://192.168.225.149:7210/slurpnet/api/projects/3ba363f7-0d24-43e8-b2a4-d40009a91287/features
2026-02-01 21:27:45,004 - ERROR: Error enabling project features: 405 Client Error: Method Not Allowed for url: http://192.168.225.149:7210/slurpnet/api/projects/50f92be3-a93b-42eb-8a75-6cc8de49a2e4/features
2026-02-01 21:27:45,004 - ERROR: Project setup failed: 405 Client Error: Method Not Allowed for url: http://192.168.225.149:7210/slurpnet/api/projects/50f92be3-a93b-42eb-8a75-6cc8de49a2e4/features
2026-02-01 21:27:45,004 - ERROR: Failed to setup project 50f92be3-a93b-42eb-8a75-6cc8de49a2e4: 405 Client Error: Method Not Allowed for url: http://192.168.225.149:7210/slurpnet/api/projects/50f92be3-a93b-42eb-8a75-6cc8de49a2e4/features
2026-02-01 21:28:07,740 - INFO: Successfully enabled features for project b7824695-65e5-4da6-ba57-3f7ac172266d
2026-02-01 21:28:07,740 - ERROR: Failed to parse response: Extra data: line 1 column 3 (char 2)
2026-02-01 21:28:07,740 - ERROR: Project setup failed: Extra data: line 1 column 3 (char 2)
2026-02-01 21:28:07,740 - ERROR: Failed to setup project b7824695-65e5-4da6-ba57-3f7ac172266d: Extra data: line 1 column 3 (char 2)
2026-02-01 21:28:08,657 - INFO: Successfully enabled features for project 3ba363f7-0d24-43e8-b2a4-d40009a91287
2026-02-01 21:28:08,657 - ERROR: Failed to parse response: Extra data: line 1 column 3 (char 2)
2026-02-01 21:28:08,657 - ERROR: Project setup failed: Extra data: line 1 column 3 (char 2)
2026-02-01 21:28:08,657 - ERROR: Failed to setup project 3ba363f7-0d24-43e8-b2a4-d40009a91287: Extra data: line 1 column 3 (char 2)
2026-02-01 21:28:09,558 - INFO: Successfully enabled features for project 50f92be3-a93b-42eb-8a75-6cc8de49a2e4
2026-02-01 21:28:09,558 - ERROR: Failed to parse response: Extra data: line 1 column 3 (char 2)
2026-02-01 21:28:09,558 - ERROR: Project setup failed: Extra data: line 1 column 3 (char 2)
2026-02-01 21:28:09,558 - ERROR: Failed to setup project 50f92be3-a93b-42eb-8a75-6cc8de49a2e4: Extra data: line 1 column 3 (char 2)
2026-02-01 21:28:34,993 - INFO: Successfully enabled features for project b7824695-65e5-4da6-ba57-3f7ac172266d
2026-02-01 21:28:34,993 - INFO: Response: 3 validation errors for call[update_project_features]
time_tracking
  Unexpected keyword argument [type=unexpected_keyword_argument, input_value=True, input_type=bool]
    For further information visit https://errors.pydantic.dev/2.12/v/unexpected_keyword_argument
issue_types
  Unexpected keyword argument [type=unexpected_keyword_argument, input_value=True, input_type=bool]
    For further information visit https://errors.pydantic.dev/2.12/v/unexpected_keyword_argument
intake
  Unexpected keyword argument [type=unexpected_keyword_argument, input_value=True, input_type=bool]
    For further information visit https://errors.pydantic.dev/2.12/v/unexpected_keyword_argument

2026-02-01 21:28:35,959 - INFO: Created view 'This Sprint' for project b7824695-65e5-4da6-ba57-3f7ac172266d
2026-02-01 21:28:36,926 - INFO: Created view 'Blocked' for project b7824695-65e5-4da6-ba57-3f7ac172266d
2026-02-01 21:28:37,902 - INFO: Created view 'Overdue' for project b7824695-65e5-4da6-ba57-3f7ac172266d
2026-02-01 21:28:38,855 - INFO: Created view 'High Priority' for project b7824695-65e5-4da6-ba57-3f7ac172266d
2026-02-01 21:28:38,855 - INFO: Completed setup for project b7824695-65e5-4da6-ba57-3f7ac172266d
2026-02-01 21:28:39,759 - INFO: Successfully enabled features for project 3ba363f7-0d24-43e8-b2a4-d40009a91287
2026-02-01 21:28:39,759 - INFO: Response: 3 validation errors for call[update_project_features]
time_tracking
  Unexpected keyword argument [type=unexpected_keyword_argument, input_value=True, input_type=bool]
    For further information visit https://errors.pydantic.dev/2.12/v/unexpected_keyword_argument
issue_types
  Unexpected keyword argument [type=unexpected_keyword_argument, input_value=True, input_type=bool]
    For further information visit https://errors.pydantic.dev/2.12/v/unexpected_keyword_argument
intake
  Unexpected keyword argument [type=unexpected_keyword_argument, input_value=True, input_type=bool]
    For further information visit https://errors.pydantic.dev/2.12/v/unexpected_keyword_argument

2026-02-01 21:28:40,706 - INFO: Created view 'This Sprint' for project 3ba363f7-0d24-43e8-b2a4-d40009a91287
2026-02-01 21:28:41,662 - INFO: Created view 'Blocked' for project 3ba363f7-0d24-43e8-b2a4-d40009a91287
2026-02-01 21:28:42,614 - INFO: Created view 'Overdue' for project 3ba363f7-0d24-43e8-b2a4-d40009a91287
2026-02-01 21:28:43,574 - INFO: Created view 'High Priority' for project 3ba363f7-0d24-43e8-b2a4-d40009a91287
2026-02-01 21:28:43,574 - INFO: Completed setup for project 3ba363f7-0d24-43e8-b2a4-d40009a91287
2026-02-01 21:28:44,491 - INFO: Successfully enabled features for project 50f92be3-a93b-42eb-8a75-6cc8de49a2e4
2026-02-01 21:28:44,492 - INFO: Response: 3 validation errors for call[update_project_features]
time_tracking
  Unexpected keyword argument [type=unexpected_keyword_argument, input_value=True, input_type=bool]
    For further information visit https://errors.pydantic.dev/2.12/v/unexpected_keyword_argument
issue_types
  Unexpected keyword argument [type=unexpected_keyword_argument, input_value=True, input_type=bool]
    For further information visit https://errors.pydantic.dev/2.12/v/unexpected_keyword_argument
intake
  Unexpected keyword argument [type=unexpected_keyword_argument, input_value=True, input_type=bool]
    For further information visit https://errors.pydantic.dev/2.12/v/unexpected_keyword_argument

2026-02-01 21:28:45,444 - INFO: Created view 'This Sprint' for project 50f92be3-a93b-42eb-8a75-6cc8de49a2e4
2026-02-01 21:28:46,408 - INFO: Created view 'Blocked' for project 50f92be3-a93b-42eb-8a75-6cc8de49a2e4
2026-02-01 21:28:47,347 - INFO: Created view 'Overdue' for project 50f92be3-a93b-42eb-8a75-6cc8de49a2e4
2026-02-01 21:28:48,315 - INFO: Created view 'High Priority' for project 50f92be3-a93b-42eb-8a75-6cc8de49a2e4
2026-02-01 21:28:48,315 - INFO: Completed setup for project 50f92be3-a93b-42eb-8a75-6cc8de49a2e4
