2026-02-01 21:44:26,200 - INFO: Configuring project b7824695-65e5-4da6-ba57-3f7ac172266d
2026-02-01 21:44:27,116 - INFO: Create work item type Feature successful
2026-02-01 21:44:28,025 - INFO: Create work item type Bug successful
2026-02-01 21:44:28,967 - INFO: Create work item type Epic successful
2026-02-01 21:44:29,945 - INFO: Create work item type Research successful
2026-02-01 21:44:31,004 - INFO: Create work item type Chore successful
2026-02-01 21:44:32,005 - INFO: Enable project features successful
2026-02-01 21:44:33,047 - INFO: Create view This Sprint successful
2026-02-01 21:44:33,975 - INFO: Create view Blocked successful
2026-02-01 21:44:34,888 - INFO: Create view Overdue successful
2026-02-01 21:44:35,790 - INFO: Create view High Priority successful
2026-02-01 21:44:35,791 - INFO: Project configuration complete
2026-02-01 21:45:07,392 - INFO: Configuring project b7824695-65e5-4da6-ba57-3f7ac172266d
2026-02-01 21:45:08,326 - INFO: Delete existing type Feature successful
2026-02-01 21:45:09,348 - INFO: Create work item type Feature successful
2026-02-01 21:45:10,412 - INFO: Delete existing type Bug successful
2026-02-01 21:45:11,451 - INFO: Create work item type Bug successful
2026-02-01 21:45:12,498 - INFO: Delete existing type Epic successful
2026-02-01 21:45:13,539 - INFO: Create work item type Epic successful
2026-02-01 21:45:14,568 - INFO: Delete existing type Research successful
2026-02-01 21:45:15,534 - INFO: Create work item type Research successful
2026-02-01 21:45:16,475 - INFO: Delete existing type Chore successful
2026-02-01 21:45:17,438 - INFO: Create work item type Chore successful
2026-02-01 21:45:18,409 - INFO: Enable time_tracking feature successful
2026-02-01 21:45:19,421 - INFO: Enable issue_types feature successful
2026-02-01 21:45:20,445 - INFO: Enable modules feature successful
2026-02-01 21:45:21,363 - INFO: Enable intake feature successful
2026-02-01 21:45:22,268 - INFO: Delete existing view This Sprint successful
2026-02-01 21:45:23,241 - INFO: Create view This Sprint successful
2026-02-01 21:45:24,257 - INFO: Delete existing view Blocked successful
2026-02-01 21:45:25,335 - INFO: Create view Blocked successful
2026-02-01 21:45:26,352 - INFO: Delete existing view Overdue successful
2026-02-01 21:45:27,447 - INFO: Create view Overdue successful
2026-02-01 21:45:28,661 - INFO: Delete existing view High Priority successful
2026-02-01 21:45:29,922 - INFO: Create view High Priority successful
2026-02-01 21:45:29,922 - INFO: Project configuration complete
