2026-02-01 21:49:56,903 - INFO: Create quality state Backlog successful
2026-02-01 21:49:57,894 - INFO: Create quality state Refined successful
2026-02-01 21:49:58,946 - INFO: Create quality state Ready successful
2026-02-01 21:50:00,004 - INFO: Create quality state In Progress successful
2026-02-01 21:50:00,988 - INFO: Create quality state Code Review successful
2026-02-01 21:50:01,942 - INFO: Create quality state Testing successful
2026-02-01 21:50:02,923 - INFO: Create quality state Blocked successful
2026-02-01 21:50:03,878 - INFO: Create quality state Ready for Deployment successful
2026-02-01 21:50:04,837 - INFO: Create quality state Deployed successful
2026-02-01 21:50:05,823 - INFO: Create quality state Done successful
2026-02-01 21:50:06,784 - INFO: Create quality state Archived successful
2026-02-01 21:50:07,742 - INFO: Create quality work item type Feature successful
2026-02-01 21:50:08,697 - INFO: Create quality work item type Bug successful
2026-02-01 21:50:09,667 - INFO: Create quality work item type Epic successful
2026-02-01 21:50:10,633 - INFO: Create quality work item type Performance Optimization successful
2026-02-01 21:50:11,593 - INFO: Create quality work item type Technical Debt successful
2026-02-01 21:50:12,561 - INFO: Create quality dashboard Quality Health Dashboard successful
2026-02-01 21:50:13,527 - INFO: Create quality dashboard Technical Debt Tracker successful
2026-02-01 21:50:13,527 - INFO: Quality enhancement report generated: /Users/zachgonser/clawd/plane_quality_enhancement_report.json
2026-02-01 22:43:07,670 - INFO: Create quality state Backlog successful
2026-02-01 22:43:08,799 - INFO: Create quality state Refined successful
2026-02-01 22:43:09,923 - INFO: Create quality state Ready successful
2026-02-01 22:43:11,059 - INFO: Create quality state In Progress successful
2026-02-01 22:43:12,068 - INFO: Create quality state Code Review successful
2026-02-01 22:43:13,087 - INFO: Create quality state Testing successful
2026-02-01 22:43:14,091 - INFO: Create quality state Blocked successful
2026-02-01 22:43:15,109 - INFO: Create quality state Ready for Deployment successful
2026-02-01 22:43:16,126 - INFO: Create quality state Deployed successful
2026-02-01 22:43:17,133 - INFO: Create quality state Done successful
2026-02-01 22:43:18,143 - INFO: Create quality state Archived successful
2026-02-01 22:43:19,056 - INFO: Create quality work item type Feature successful
2026-02-01 22:43:19,952 - INFO: Create quality work item type Bug successful
2026-02-01 22:43:20,860 - INFO: Create quality work item type Epic successful
2026-02-01 22:43:21,768 - INFO: Create quality work item type Performance Optimization successful
2026-02-01 22:43:22,672 - INFO: Create quality work item type Technical Debt successful
2026-02-01 22:43:23,586 - INFO: Create quality dashboard Quality Health Dashboard successful
2026-02-01 22:43:24,495 - INFO: Create quality dashboard Technical Debt Tracker successful
2026-02-01 22:43:24,496 - INFO: Quality enhancement report generated: /Users/zachgonser/clawd/plane_quality_enhancement_report.json
